<?xml version="1.0" encoding="utf-8"?><testsuites><testsuite name="pytest" errors="0" failures="0" skipped="0" tests="9" time="17.709" timestamp="2023-03-29T12:13:40.988765" hostname="studio.aerty.dev"><testcase classname="tests.test_zip_asset_code.TestRemoveBundledFiles" name="test_remove_bundled_files" time="0.003" /><testcase classname="tests.test_zip_asset_code" name="test_packaging_linux" time="3.174" /><testcase classname="tests.test_zip_asset_code" name="test_packaging_not_linux" time="5.021" /><testcase classname="tests.test_zip_asset_code" name="test_build_error" time="0.001" /><testcase classname="tests.test_zip_asset_code" name="test_linux_detection" time="0.000" /><testcase classname="tests.test_zip_asset_code" name="test_zip_asset_code" time="5.066" /><testcase classname="tests.test_zip_asset_code.TestDeleteFileOrDirectory" name="test_delete_directory" time="0.001" /><testcase classname="tests.test_zip_asset_code.TestDeleteFileOrDirectory" name="test_delete_file" time="0.001" /><testcase classname="tests.test_zip_asset_code.TestCreateZipArchive" name="test_create_zip_archive" time="0.002" /></testsuite></testsuites>